{"timestamp":"2026-08-03T19:14:57.033Z","level":"info","message":"WinPro CSV Sync completed successfully","action":"sync-winpro-csv-success","linesProcessed":3,"updatedCount":2,"durationMs":1}
{"timestamp":"2026-08-03T19:30:50.484Z","level":"info","message":"B2B Plate lookup process initiated","supplier":"preference","action":"searchByPlate","plate":"100466","category":"plaquette"}
{"timestamp":"2026-08-03T19:30:50.484Z","level":"info","message":"B2B Plate lookup process initiated","supplier":"preference","action":"searchByPlate","plate":"100466","category":"disque"}
{"timestamp":"2026-08-03T19:30:50.485Z","level":"info","message":"B2B Plate lookup process initiated","supplier":"preference","action":"searchByPlate","plate":"100860","category":"plaquette"}
{"timestamp":"2026-08-03T19:30:50.485Z","level":"info","message":"B2B Plate lookup process initiated","supplier":"preference","action":"searchByPlate","plate":"100860","category":"disque"}
{"timestamp":"2026-08-03T19:30:50.485Z","level":"info","message":"B2B Plate lookup process initiated","supplier":"preference","action":"searchByPlate","plate":"58586","category":"plaquette"}
{"timestamp":"2026-08-03T19:30:50.485Z","level":"info","message":"B2B Plate lookup process initiated","supplier":"preference","action":"searchByPlate","plate":"58586","category":"disque"}
{"timestamp":"2026-08-03T19:30:50.485Z","level":"info","message":"B2B Plate lookup process initiated","supplier":"preference","action":"searchByPlate","plate":"58587","category":"plaquette"}
{"timestamp":"2026-08-03T19:30:50.485Z","level":"info","message":"B2B Plate lookup process initiated","supplier":"preference","action":"searchByPlate","plate":"58587","category":"disque"}
{"timestamp":"2026-08-03T19:30:50.485Z","level":"info","message":"B2B Plate lookup process initiated","supplier":"preference","action":"searchByPlate","plate":"199512","category":"plaquette"}
{"timestamp":"2026-08-03T19:30:50.485Z","level":"info","message":"B2B Plate lookup process initiated","supplier":"preference","action":"searchByPlate","plate":"199512","category":"disque"}
{"timestamp":"2026-08-03T19:30:50.487Z","level":"info","message":"Préférence session missing or expired — triggering re-login","supplier":"preference","action":"login","plate":"100466"}
{"timestamp":"2026-08-03T19:30:50.493Z","level":"info","message":"Préférence session missing or expired — triggering re-login","supplier":"preference","action":"login","plate":"100466"}
{"timestamp":"2026-08-03T19:30:50.494Z","level":"info","message":"Préférence session missing or expired — triggering re-login","supplier":"preference","action":"login","plate":"100860"}
{"timestamp":"2026-08-03T19:30:50.495Z","level":"info","message":"Préférence session missing or expired — triggering re-login","supplier":"preference","action":"login","plate":"58586"}
{"timestamp":"2026-08-03T19:30:50.496Z","level":"info","message":"Préférence session missing or expired — triggering re-login","supplier":"preference","action":"login","plate":"58586"}
{"timestamp":"2026-08-03T19:30:50.496Z","level":"info","message":"Préférence session missing or expired — triggering re-login","supplier":"preference","action":"login","plate":"58587"}
{"timestamp":"2026-08-03T19:30:50.497Z","level":"info","message":"Préférence session missing or expired — triggering re-login","supplier":"preference","action":"login","plate":"58587"}
{"timestamp":"2026-08-03T19:30:50.497Z","level":"info","message":"Préférence session missing or expired — triggering re-login","supplier":"preference","action":"login","plate":"100860"}
{"timestamp":"2026-08-03T19:30:50.498Z","level":"info","message":"Préférence session missing or expired — triggering re-login","supplier":"preference","action":"login","plate":"199512"}
{"timestamp":"2026-08-03T19:30:50.499Z","level":"info","message":"Préférence session missing or expired — triggering re-login","supplier":"preference","action":"login","plate":"199512"}
{"timestamp":"2026-08-03T19:30:55.626Z","level":"warn","message":"Session invalidated during search — retrying with fresh login","supplier":"preference","action":"session_retry","plate":"58587"}
{"timestamp":"2026-08-03T19:30:55.628Z","level":"warn","message":"Session invalidated during search — retrying with fresh login","supplier":"preference","action":"session_retry","plate":"100466"}
{"timestamp":"2026-08-03T19:30:55.634Z","level":"warn","message":"Session invalidated during search — retrying with fresh login","supplier":"preference","action":"session_retry","plate":"58586"}
{"timestamp":"2026-08-03T19:30:55.645Z","level":"warn","message":"Session invalidated during search — retrying with fresh login","supplier":"preference","action":"session_retry","plate":"58586"}
{"timestamp":"2026-08-03T19:30:55.653Z","level":"warn","message":"Session invalidated during search — retrying with fresh login","supplier":"preference","action":"session_retry","plate":"58587"}
{"timestamp":"2026-08-03T19:30:55.665Z","level":"warn","message":"Session invalidated during search — retrying with fresh login","supplier":"preference","action":"session_retry","plate":"199512"}
{"timestamp":"2026-08-03T19:30:55.674Z","level":"warn","message":"Session invalidated during search — retrying with fresh login","supplier":"preference","action":"session_retry","plate":"199512"}
{"timestamp":"2026-08-03T19:30:55.902Z","level":"warn","message":"Session invalidated during search — retrying with fresh login","supplier":"preference","action":"session_retry","plate":"100466"}
{"timestamp":"2026-08-03T19:30:55.985Z","level":"warn","message":"Session invalidated during search — retrying with fresh login","supplier":"preference","action":"session_retry","plate":"100860"}
{"timestamp":"2026-08-03T19:30:56.349Z","level":"info","message":"Plate identification step completed","supplier":"preference","action":"plateSearchStep","plate":"100860","durationMs":505}
{"timestamp":"2026-08-03T19:30:58.488Z","level":"info","message":"Vehicle record resolved","supplier":"preference","action":"parseVehicle","plate":"100466","carId":"76908","brand":"TOYOTA","model":"LAND CRUISER (_J4_, _J5_)"}
{"timestamp":"2026-08-03T19:30:59.890Z","level":"info","message":"B2B Plate lookup completed successfully","supplier":"preference","action":"searchByPlate_complete","plate":"100466","brand":"TOYOTA","partsFound":1,"durationMs":9406}
{"timestamp":"2026-08-03T19:39:54.855Z","level":"info","message":"Nocturne ETL indexer process initiated","module":"etl-indexer","action":"start","maxExecutionMinutes":0.05,"concurrency":5}
{"timestamp":"2026-08-03T19:39:54.859Z","level":"info","message":"Target vehicles loaded for indexing","module":"etl-indexer","action":"vehicles_loaded","totalVehicles":7}
{"timestamp":"2026-08-03T19:39:54.859Z","level":"info","message":"B2B Plate lookup process initiated","supplier":"preference","action":"searchByPlate","plate":"100466","category":"plaquette"}
{"timestamp":"2026-08-03T19:39:54.859Z","level":"info","message":"B2B Plate lookup process initiated","supplier":"preference","action":"searchByPlate","plate":"100466","category":"disque"}
{"timestamp":"2026-08-03T19:39:54.859Z","level":"info","message":"B2B Plate lookup process initiated","supplier":"preference","action":"searchByPlate","plate":"100860","category":"plaquette"}
{"timestamp":"2026-08-03T19:39:54.859Z","level":"info","message":"B2B Plate lookup process initiated","supplier":"preference","action":"searchByPlate","plate":"100860","category":"disque"}
{"timestamp":"2026-08-03T19:39:54.859Z","level":"info","message":"B2B Plate lookup process initiated","supplier":"preference","action":"searchByPlate","plate":"58586","category":"plaquette"}
{"timestamp":"2026-08-03T19:39:54.859Z","level":"info","message":"B2B Plate lookup process initiated","supplier":"preference","action":"searchByPlate","plate":"58586","category":"disque"}
{"timestamp":"2026-08-03T19:39:54.860Z","level":"info","message":"B2B Plate lookup process initiated","supplier":"preference","action":"searchByPlate","plate":"58587","category":"plaquette"}
{"timestamp":"2026-08-03T19:39:54.860Z","level":"info","message":"B2B Plate lookup process initiated","supplier":"preference","action":"searchByPlate","plate":"58587","category":"disque"}
{"timestamp":"2026-08-03T19:39:54.860Z","level":"info","message":"B2B Plate lookup process initiated","supplier":"preference","action":"searchByPlate","plate":"199512","category":"plaquette"}
{"timestamp":"2026-08-03T19:39:54.860Z","level":"info","message":"B2B Plate lookup process initiated","supplier":"preference","action":"searchByPlate","plate":"199512","category":"disque"}
{"timestamp":"2026-08-03T19:39:54.861Z","level":"info","message":"Préférence active session reused from cache","supplier":"preference","action":"session_reuse","plate":"100466"}
{"timestamp":"2026-08-03T19:39:54.861Z","level":"info","message":"Préférence active session reused from cache","supplier":"preference","action":"session_reuse","plate":"58586"}
{"timestamp":"2026-08-03T19:39:54.861Z","level":"info","message":"Préférence active session reused from cache","supplier":"preference","action":"session_reuse","plate":"100860"}
{"timestamp":"2026-08-03T19:39:54.862Z","level":"info","message":"Préférence active session reused from cache","supplier":"preference","action":"session_reuse","plate":"58586"}
{"timestamp":"2026-08-03T19:39:54.862Z","level":"info","message":"Préférence active session reused from cache","supplier":"preference","action":"session_reuse","plate":"58587"}
{"timestamp":"2026-08-03T19:39:54.862Z","level":"info","message":"Préférence active session reused from cache","supplier":"preference","action":"session_reuse","plate":"58587"}
{"timestamp":"2026-08-03T19:39:54.862Z","level":"info","message":"Préférence active session reused from cache","supplier":"preference","action":"session_reuse","plate":"100466"}
{"timestamp":"2026-08-03T19:39:54.862Z","level":"info","message":"Préférence active session reused from cache","supplier":"preference","action":"session_reuse","plate":"199512"}
{"timestamp":"2026-08-03T19:39:54.862Z","level":"info","message":"Préférence active session reused from cache","supplier":"preference","action":"session_reuse","plate":"199512"}
{"timestamp":"2026-08-03T19:39:54.862Z","level":"info","message":"Préférence active session reused from cache","supplier":"preference","action":"session_reuse","plate":"100860"}
{"timestamp":"2026-08-03T19:39:56.030Z","level":"info","message":"Plate identification step completed","supplier":"preference","action":"plateSearchStep","plate":"100466","durationMs":1169}
{"timestamp":"2026-08-03T19:39:56.508Z","level":"info","message":"Plate identification step completed","supplier":"preference","action":"plateSearchStep","plate":"58586","durationMs":1647}
{"timestamp":"2026-08-03T19:39:56.992Z","level":"info","message":"Plate identification step completed","supplier":"preference","action":"plateSearchStep","plate":"58586","durationMs":2130}
{"timestamp":"2026-08-03T19:39:57.623Z","level":"info","message":"Plate identification step completed","supplier":"preference","action":"plateSearchStep","plate":"100860","durationMs":2762}
{"timestamp":"2026-08-03T19:39:58.100Z","level":"info","message":"Plate identification step completed","supplier":"preference","action":"plateSearchStep","plate":"199512","durationMs":3238}
{"timestamp":"2026-08-03T19:39:58.462Z","level":"info","message":"Plate identification step completed","supplier":"preference","action":"plateSearchStep","plate":"199512","durationMs":3600}
{"timestamp":"2026-08-03T19:39:59.155Z","level":"info","message":"Vehicle record resolved","supplier":"preference","action":"parseVehicle","plate":"199512","carId":"76908","brand":"FIAT","model":"PUNTO EVO (199_)"}
{"timestamp":"2026-08-03T19:39:59.385Z","level":"info","message":"Vehicle record resolved","supplier":"preference","action":"parseVehicle","plate":"58586","carId":"76908","brand":"FIAT","model":"PUNTO EVO (199_)"}
{"timestamp":"2026-08-03T19:40:03.930Z","level":"info","message":"B2B Plate lookup completed successfully","supplier":"preference","action":"searchByPlate_complete","plate":"58586","brand":"FIAT","partsFound":16,"durationMs":9071}
{"timestamp":"2026-08-03T19:40:03.932Z","level":"info","message":"Vehicle category indexed successfully","module":"etl-indexer","action":"index_vehicle_success","vehicleId":76908,"category":"disque","categoryId":100032,"partsFound":16,"durationMs":9073}
{"timestamp":"2026-08-03T19:40:07.627Z","level":"info","message":"Plate identification step completed","supplier":"preference","action":"plateSearchStep","plate":"100860","durationMs":12765}
{"timestamp":"2026-08-03T19:40:07.969Z","level":"info","message":"Vehicle record resolved","supplier":"preference","action":"parseVehicle","plate":"58586","carId":"76908","brand":"OPEL","model":"OMEGA B Break (V94)"}
{"timestamp":"2026-08-03T19:40:10.660Z","level":"info","message":"B2B Plate lookup completed successfully","supplier":"preference","action":"searchByPlate_complete","plate":"58586","brand":"OPEL","partsFound":6,"durationMs":15801}
{"timestamp":"2026-08-03T19:40:10.661Z","level":"info","message":"Vehicle category indexed successfully","module":"etl-indexer","action":"index_vehicle_success","vehicleId":76908,"category":"plaquette","categoryId":100030,"partsFound":6,"durationMs":15802}
{"timestamp":"2026-08-03T19:40:11.079Z","level":"info","message":"Plate identification step completed","supplier":"preference","action":"plateSearchStep","plate":"58587","durationMs":16217}
{"timestamp":"2026-08-03T19:40:11.422Z","level":"info","message":"Vehicle record resolved","supplier":"preference","action":"parseVehicle","plate":"58587","carId":"76908","brand":"FORD","model":"TRANSIT Camion plate-forme/Châssis (E_ _)"}
{"timestamp":"2026-08-03T19:40:13.685Z","level":"info","message":"B2B Plate lookup completed successfully","supplier":"preference","action":"searchByPlate_complete","plate":"58587","brand":"FORD","partsFound":7,"durationMs":18825}
{"timestamp":"2026-08-03T19:40:13.687Z","level":"info","message":"Vehicle category indexed successfully","module":"etl-indexer","action":"index_vehicle_success","vehicleId":76908,"category":"disque","categoryId":100032,"partsFound":7,"durationMs":18827}
{"timestamp":"2026-08-03T19:40:14.107Z","level":"info","message":"Plate identification step completed","supplier":"preference","action":"plateSearchStep","plate":"58587","durationMs":19245}
{"timestamp":"2026-08-03T19:40:14.427Z","level":"info","message":"Vehicle record resolved","supplier":"preference","action":"parseVehicle","plate":"58587","carId":"76908","brand":"FORD","model":"TRANSIT Camion plate-forme/Châssis (E_ _)"}
{"timestamp":"2026-08-03T19:40:16.682Z","level":"info","message":"B2B Plate lookup completed successfully","supplier":"preference","action":"searchByPlate_complete","plate":"58587","brand":"FORD","partsFound":9,"durationMs":21822}
{"timestamp":"2026-08-03T19:40:16.683Z","level":"info","message":"Vehicle category indexed successfully","module":"etl-indexer","action":"index_vehicle_success","vehicleId":76908,"category":"plaquette","categoryId":100030,"partsFound":9,"durationMs":21823}
{"timestamp":"2026-08-03T19:40:17.879Z","level":"info","message":"Vehicle record resolved","supplier":"preference","action":"parseVehicle","plate":"100860","carId":"76908","brand":"FORD","model":"TRANSIT Camion plate-forme/Châssis (E_ _)"}
{"timestamp":"2026-08-03T19:40:17.953Z","level":"info","message":"B2B Plate lookup completed successfully","supplier":"preference","action":"searchByPlate_complete","plate":"199512","brand":"FIAT","partsFound":10,"durationMs":23093}
{"timestamp":"2026-08-03T19:40:17.954Z","level":"info","message":"Vehicle category indexed successfully","module":"etl-indexer","action":"index_vehicle_success","vehicleId":76908,"category":"disque","categoryId":100032,"partsFound":10,"durationMs":23094}
{"timestamp":"2026-08-03T19:40:18.638Z","level":"info","message":"Plate identification step completed","supplier":"preference","action":"plateSearchStep","plate":"100466","durationMs":23776}
{"timestamp":"2026-08-03T19:40:18.931Z","level":"info","message":"Vehicle record resolved","supplier":"preference","action":"parseVehicle","plate":"100466","carId":"76908","brand":"TOYOTA","model":"LAND CRUISER (_J4_, _J5_)"}
{"timestamp":"2026-08-03T19:40:19.770Z","level":"info","message":"B2B Plate lookup completed successfully","supplier":"preference","action":"searchByPlate_complete","plate":"100860","brand":"FORD","partsFound":1,"durationMs":24911}
{"timestamp":"2026-08-03T19:40:19.771Z","level":"info","message":"Vehicle category indexed successfully","module":"etl-indexer","action":"index_vehicle_success","vehicleId":76908,"category":"disque","categoryId":100032,"partsFound":1,"durationMs":24912}
{"timestamp":"2026-08-03T19:40:20.190Z","level":"info","message":"Vehicle record resolved","supplier":"preference","action":"parseVehicle","plate":"199512","carId":"76908","brand":"TOYOTA","model":"LAND CRUISER (_J4_, _J5_)"}
{"timestamp":"2026-08-03T19:40:21.154Z","level":"info","message":"B2B Plate lookup completed successfully","supplier":"preference","action":"searchByPlate_complete","plate":"199512","brand":"TOYOTA","partsFound":1,"durationMs":26294}
{"timestamp":"2026-08-03T19:40:21.156Z","level":"info","message":"Vehicle category indexed successfully","module":"etl-indexer","action":"index_vehicle_success","vehicleId":76908,"category":"plaquette","categoryId":100030,"partsFound":1,"durationMs":26296}
{"timestamp":"2026-08-03T19:40:22.926Z","level":"info","message":"B2B Plate lookup completed successfully","supplier":"preference","action":"searchByPlate_complete","plate":"100466","brand":"TOYOTA","partsFound":1,"durationMs":28067}
{"timestamp":"2026-08-03T19:40:22.928Z","level":"info","message":"Vehicle category indexed successfully","module":"etl-indexer","action":"index_vehicle_success","vehicleId":76908,"category":"plaquette","categoryId":100030,"partsFound":1,"durationMs":28069}
{"timestamp":"2026-08-03T19:40:23.747Z","level":"info","message":"Vehicle record resolved","supplier":"preference","action":"parseVehicle","plate":"100860","carId":"76908","brand":"TOYOTA","model":"LAND CRUISER (_J4_, _J5_)"}
{"timestamp":"2026-08-03T19:40:25.890Z","level":"info","message":"B2B Plate lookup completed successfully","supplier":"preference","action":"searchByPlate_complete","plate":"100860","brand":"TOYOTA","partsFound":1,"durationMs":31031}
{"timestamp":"2026-08-03T19:40:25.892Z","level":"info","message":"Vehicle category indexed successfully","module":"etl-indexer","action":"index_vehicle_success","vehicleId":76908,"category":"plaquette","categoryId":100030,"partsFound":1,"durationMs":31033}
{"timestamp":"2026-08-03T19:40:26.331Z","level":"info","message":"Vehicle record resolved","supplier":"preference","action":"parseVehicle","plate":"100466","carId":"76908","brand":"TOYOTA","model":"LAND CRUISER (_J4_, _J5_)"}
{"timestamp":"2026-08-03T19:40:27.348Z","level":"info","message":"B2B Plate lookup completed successfully","supplier":"preference","action":"searchByPlate_complete","plate":"100466","brand":"TOYOTA","partsFound":1,"durationMs":32489}
{"timestamp":"2026-08-03T19:40:27.350Z","level":"info","message":"Vehicle category indexed successfully","module":"etl-indexer","action":"index_vehicle_success","vehicleId":76908,"category":"disque","categoryId":100032,"partsFound":1,"durationMs":32491}
{"timestamp":"2026-08-03T19:40:27.350Z","level":"warn","message":"ETL time window limit reached. Stopping gracefully.","module":"etl-indexer","action":"time_window_exceeded","elapsedMinutes":1,"maxExecutionMinutes":0.05}
{"timestamp":"2026-08-03T19:40:27.350Z","level":"info","message":"Nocturne ETL indexer process finished","module":"etl-indexer","action":"completed","indexedCount":10,"timedOut":true,"durationMs":32495}
{"timestamp":"2026-08-03T20:24:58.467Z","level":"info","message":"Local plate search request started","action":"by-plate","plate":"GD928ZR"}
{"timestamp":"2026-08-03T20:24:58.470Z","level":"info","message":"L2 Pre-calculated Index HIT","action":"by-plate-l2-hit","plate":"GD928ZR","durationMs":4}
{"timestamp":"2026-08-03T22:24:32.935Z","level":"info","message":"Local plate search request started","action":"by-plate","plate":"GD928ZR"}
{"timestamp":"2026-08-03T22:24:32.938Z","level":"info","message":"L2 Pre-calculated Index HIT","action":"by-plate-l2-hit","plate":"GD928ZR","durationMs":5}
{"timestamp":"2026-08-03T22:27:10.886Z","level":"info","message":"Local plate search request started","action":"by-plate","plate":"GD928ZR"}
{"timestamp":"2026-08-03T22:27:10.890Z","level":"error","message":"Plate lookup failed","action":"by-plate","error":{"message":"no such table: etf_lookup_index","name":"SqliteError","stack":"SqliteError: no such table: etf_lookup_index\n    at Database.prepare (/Users/ayouba/Documents/jumbo/catalog-part/node_modules/.pnpm/better-sqlite3@13.0.1/node_modules/better-sqlite3/lib/methods/wrappers.js:5:21)\n    at BetterSQLiteSession.prepareQuery (/Users/ayouba/Documents/jumbo/catalog-part/.next/dev/server/chunks/1x-v_drizzle-orm_0mfihap._.js:8504:34)\n    at BetterSQLiteSession.prepareOneTimeQuery (/Users/ayouba/Documents/jumbo/catalog-part/.next/dev/server/chunks/1x-v_drizzle-orm_0mfihap._.js:8416:21)\n    at SQLiteSelectBase._prepare (/Users/ayouba/Documents/jumbo/catalog-part/.next/dev/server/chunks/1x-v_drizzle-orm_0mfihap._.js:7016:92)\n    at SQLiteSelectBase.all (/Users/ayouba/Documents/jumbo/catalog-part/.next/dev/server/chunks/1x-v_drizzle-orm_0mfihap._.js:7046:21)\n    at SQLiteSelectBase.execute (/Users/ayouba/Documents/jumbo/catalog-part/.next/dev/server/chunks/1x-v_drizzle-orm_0mfihap._.js:7055:21)\n    at SQLiteSelectBase.then (/Users/ayouba/Documents/jumbo/catalog-part/.next/dev/server/chunks/1x-v_drizzle-orm_0mfihap._.js:6131:21)\n    at process.processTicksAndRejections (node:internal/process/task_queues:103:5)"},"durationMs":5}
{"timestamp":"2026-08-03T22:29:16.880Z","level":"info","message":"Local plate search request started","action":"by-plate","plate":"BJ060PA"}
{"timestamp":"2026-08-03T22:29:16.885Z","level":"info","message":"B2B Plate lookup process initiated","supplier":"preference","action":"searchByPlate","plate":"BJ060PA","category":"plaquette"}
{"timestamp":"2026-08-03T22:29:16.889Z","level":"info","message":"Préférence session missing or expired — triggering re-login","supplier":"preference","action":"login","plate":"BJ060PA"}
{"timestamp":"2026-08-03T22:29:23.969Z","level":"info","message":"Plate identification step completed","supplier":"preference","action":"plateSearchStep","plate":"BJ060PA","durationMs":950}
{"timestamp":"2026-08-03T22:29:24.504Z","level":"info","message":"Vehicle record resolved","supplier":"preference","action":"parseVehicle","plate":"BJ060PA","carId":"199512","brand":"FIAT","model":"PUNTO EVO (199_)"}
{"timestamp":"2026-08-03T22:29:31.539Z","level":"info","message":"B2B Plate lookup completed successfully","supplier":"preference","action":"searchByPlate_complete","plate":"BJ060PA","brand":"FIAT","partsFound":29,"durationMs":14654}
{"timestamp":"2026-08-03T22:29:31.544Z","level":"warn","message":"Server persistence warning","action":"by-plate-db","error":{"message":"FOREIGN KEY constraint failed","name":"SqliteError","stack":"SqliteError: FOREIGN KEY constraint failed\n    at PreparedQuery.run (/Users/ayouba/Documents/jumbo/catalog-part/.next/dev/server/chunks/1x-v_drizzle-orm_0mfihap._.js:8542:26)\n    at QueryPromise.run (/Users/ayouba/Documents/jumbo/catalog-part/.next/dev/server/chunks/1x-v_drizzle-orm_0mfihap._.js:7479:32)\n    at QueryPromise.execute (/Users/ayouba/Documents/jumbo/catalog-part/.next/dev/server/chunks/1x-v_drizzle-orm_0mfihap._.js:7491:58)\n    at QueryPromise.then (/Users/ayouba/Documents/jumbo/catalog-part/.next/dev/server/chunks/1x-v_drizzle-orm_0mfihap._.js:6131:21)"}}
{"timestamp":"2026-08-03T22:29:31.558Z","level":"info","message":"Plate lookup succeeded","action":"by-plate","plate":"BJ060PA","vehicleId":199512,"durationMs":14680}
{"timestamp":"2026-08-03T22:30:02.508Z","level":"info","message":"Local plate search request started","action":"by-plate","plate":"BJ060PA"}
{"timestamp":"2026-08-03T22:30:02.512Z","level":"info","message":"B2B Plate lookup process initiated","supplier":"preference","action":"searchByPlate","plate":"BJ060PA","category":"plaquette"}
{"timestamp":"2026-08-03T22:30:02.515Z","level":"info","message":"Préférence active session reused from cache","supplier":"preference","action":"session_reuse","plate":"BJ060PA"}
{"timestamp":"2026-08-03T22:30:03.472Z","level":"info","message":"Plate identification step completed","supplier":"preference","action":"plateSearchStep","plate":"BJ060PA","durationMs":956}
{"timestamp":"2026-08-03T22:30:03.734Z","level":"info","message":"Vehicle record resolved","supplier":"preference","action":"parseVehicle","plate":"BJ060PA","carId":"199512","brand":"FIAT","model":"PUNTO EVO (199_)"}
{"timestamp":"2026-08-03T22:30:08.964Z","level":"info","message":"B2B Plate lookup completed successfully","supplier":"preference","action":"searchByPlate_complete","plate":"BJ060PA","brand":"FIAT","partsFound":29,"durationMs":6452}
{"timestamp":"2026-08-03T22:30:08.980Z","level":"info","message":"Plate lookup succeeded","action":"by-plate","plate":"BJ060PA","vehicleId":199512,"durationMs":6472}
{"timestamp":"2026-08-03T22:33:08.476Z","level":"info","message":"Local plate search request started","action":"by-plate","plate":"GD928ZR"}
{"timestamp":"2026-08-03T22:33:08.481Z","level":"info","message":"B2B Plate lookup process initiated","supplier":"preference","action":"searchByPlate","plate":"GD928ZR","category":"plaquette"}
{"timestamp":"2026-08-03T22:33:08.484Z","level":"info","message":"Préférence active session reused from cache","supplier":"preference","action":"session_reuse","plate":"GD928ZR"}
{"timestamp":"2026-08-03T22:33:09.672Z","level":"info","message":"Plate identification step completed","supplier":"preference","action":"plateSearchStep","plate":"GD928ZR","durationMs":1187}
{"timestamp":"2026-08-03T22:33:09.972Z","level":"info","message":"Vehicle record resolved","supplier":"preference","action":"parseVehicle","plate":"GD928ZR","carId":"101412","brand":"PEUGEOT","model":"307 (3A/C)"}
{"timestamp":"2026-08-03T22:33:20.165Z","level":"info","message":"B2B Plate lookup completed successfully","supplier":"preference","action":"searchByPlate_complete","plate":"GD928ZR","brand":"PEUGEOT","partsFound":48,"durationMs":11684}
{"timestamp":"2026-08-03T22:33:20.187Z","level":"info","message":"Plate lookup succeeded","action":"by-plate","plate":"GD928ZR","vehicleId":101412,"durationMs":11711}
{"timestamp":"2026-08-03T22:51:02.973Z","level":"info","message":"B2B Plate lookup process initiated","supplier":"preference","action":"searchByPlate","plate":"GD928ZR","category":"disque"}
{"timestamp":"2026-08-03T22:51:02.979Z","level":"info","message":"Préférence active session reused from cache","supplier":"preference","action":"session_reuse","plate":"GD928ZR"}
{"timestamp":"2026-08-03T22:51:03.963Z","level":"info","message":"Plate identification step completed","supplier":"preference","action":"plateSearchStep","plate":"GD928ZR","durationMs":983}
{"timestamp":"2026-08-03T22:51:04.221Z","level":"info","message":"Vehicle record resolved","supplier":"preference","action":"parseVehicle","plate":"GD928ZR","carId":"101412","brand":"PEUGEOT","model":"307 (3A/C)"}
{"timestamp":"2026-08-03T22:51:14.760Z","level":"info","message":"B2B Plate lookup completed successfully","supplier":"preference","action":"searchByPlate_complete","plate":"GD928ZR","brand":"PEUGEOT","partsFound":43,"durationMs":11787}
{"timestamp":"2026-08-03T22:52:55.563Z","level":"info","message":"B2B Plate lookup process initiated","supplier":"preference","action":"searchByPlate","plate":"101412","category":"disque"}
{"timestamp":"2026-08-03T22:52:55.566Z","level":"info","message":"Préférence active session reused from cache","supplier":"preference","action":"session_reuse","plate":"101412"}
{"timestamp":"2026-08-03T22:52:58.321Z","level":"info","message":"Plate identification step completed","supplier":"preference","action":"plateSearchStep","plate":"101412","durationMs":2754}
{"timestamp":"2026-08-03T22:52:58.599Z","level":"info","message":"Vehicle record resolved","supplier":"preference","action":"parseVehicle","plate":"101412","carId":"199512","brand":"PEUGEOT","model":"307 (3A/C)"}
{"timestamp":"2026-08-03T22:53:06.543Z","level":"info","message":"B2B Plate lookup completed successfully","supplier":"preference","action":"searchByPlate_complete","plate":"101412","brand":"PEUGEOT","partsFound":43,"durationMs":10980}
{"timestamp":"2026-08-03T23:16:06.026Z","level":"info","message":"Local plate search request started","action":"by-plate","plate":"GD928ZR"}
{"timestamp":"2026-08-03T23:16:06.027Z","level":"info","message":"B2B Plate lookup process initiated","supplier":"preference","action":"searchByPlate","plate":"GD928ZR","category":"plaquette"}
{"timestamp":"2026-08-03T23:16:06.027Z","level":"info","message":"B2B Plate lookup process initiated","supplier":"preference","action":"searchByPlate","plate":"GD928ZR","category":"disque"}
{"timestamp":"2026-08-03T23:16:06.028Z","level":"info","message":"Préférence active session reused from cache","supplier":"preference","action":"session_reuse","plate":"GD928ZR"}
{"timestamp":"2026-08-03T23:16:06.029Z","level":"info","message":"Préférence active session reused from cache","supplier":"preference","action":"session_reuse","plate":"GD928ZR"}
{"timestamp":"2026-08-03T23:16:09.864Z","level":"info","message":"Plate identification step completed","supplier":"preference","action":"plateSearchStep","plate":"GD928ZR","durationMs":3835}
{"timestamp":"2026-08-03T23:16:09.879Z","level":"info","message":"Plate identification step completed","supplier":"preference","action":"plateSearchStep","plate":"GD928ZR","durationMs":3850}
{"timestamp":"2026-08-03T23:16:10.143Z","level":"info","message":"Vehicle record resolved","supplier":"preference","action":"parseVehicle","plate":"GD928ZR","carId":"101412","brand":"PEUGEOT","model":"307 (3A/C)"}
{"timestamp":"2026-08-03T23:16:14.182Z","level":"info","message":"Vehicle record resolved","supplier":"preference","action":"parseVehicle","plate":"GD928ZR","carId":"101412","brand":"PEUGEOT","model":"307 (3A/C)"}
{"timestamp":"2026-08-03T23:16:19.687Z","level":"info","message":"B2B Plate lookup completed successfully","supplier":"preference","action":"searchByPlate_complete","plate":"GD928ZR","brand":"PEUGEOT","partsFound":48,"durationMs":13660}
{"timestamp":"2026-08-03T23:16:24.948Z","level":"info","message":"B2B Plate lookup completed successfully","supplier":"preference","action":"searchByPlate_complete","plate":"GD928ZR","brand":"PEUGEOT","partsFound":48,"durationMs":18921}
{"timestamp":"2026-08-03T23:16:24.987Z","level":"info","message":"Plate lookup succeeded","action":"by-plate","plate":"GD928ZR","vehicleId":101412,"durationMs":18963}
{"timestamp":"2026-08-03T23:23:59.867Z","level":"info","message":"Local plate search request started","action":"by-plate","plate":"GD928ZR"}
{"timestamp":"2026-08-03T23:23:59.869Z","level":"info","message":"B2B Plate lookup process initiated","supplier":"preference","action":"searchByPlate","plate":"GD928ZR","category":"plaquette"}
{"timestamp":"2026-08-03T23:23:59.870Z","level":"info","message":"B2B Plate lookup process initiated","supplier":"preference","action":"searchByPlate","plate":"GD928ZR","category":"disque"}
{"timestamp":"2026-08-03T23:23:59.873Z","level":"info","message":"Préférence active session reused from cache","supplier":"preference","action":"session_reuse","plate":"GD928ZR"}
{"timestamp":"2026-08-03T23:23:59.874Z","level":"info","message":"Préférence active session reused from cache","supplier":"preference","action":"session_reuse","plate":"GD928ZR"}
{"timestamp":"2026-08-03T23:24:01.002Z","level":"info","message":"Plate identification step completed","supplier":"preference","action":"plateSearchStep","plate":"GD928ZR","durationMs":1128}
{"timestamp":"2026-08-03T23:24:01.303Z","level":"info","message":"Plate identification step completed","supplier":"preference","action":"plateSearchStep","plate":"GD928ZR","durationMs":1428}
{"timestamp":"2026-08-03T23:24:01.644Z","level":"info","message":"Vehicle record resolved","supplier":"preference","action":"parseVehicle","plate":"GD928ZR","carId":"101412","brand":"PEUGEOT","model":"307 (3A/C)"}
{"timestamp":"2026-08-03T23:24:01.825Z","level":"info","message":"Vehicle record resolved","supplier":"preference","action":"parseVehicle","plate":"GD928ZR","carId":"101412","brand":"PEUGEOT","model":"307 (3A/C)"}
{"timestamp":"2026-08-03T23:24:12.956Z","level":"info","message":"B2B Plate lookup completed successfully","supplier":"preference","action":"searchByPlate_complete","plate":"GD928ZR","brand":"PEUGEOT","partsFound":48,"durationMs":13086}
{"timestamp":"2026-08-03T23:24:13.369Z","level":"info","message":"B2B Plate lookup completed successfully","supplier":"preference","action":"searchByPlate_complete","plate":"GD928ZR","brand":"PEUGEOT","partsFound":48,"durationMs":13500}
{"timestamp":"2026-08-03T23:24:13.413Z","level":"info","message":"Plate lookup succeeded","action":"by-plate","plate":"GD928ZR","vehicleId":101412,"durationMs":13547}
{"timestamp":"2026-08-03T23:24:59.726Z","level":"info","message":"Local plate search request started","action":"by-plate","plate":"GD928ZR"}
{"timestamp":"2026-08-03T23:24:59.728Z","level":"info","message":"B2B Plate lookup process initiated","supplier":"preference","action":"searchByPlate","plate":"GD928ZR","category":"plaquette"}
{"timestamp":"2026-08-03T23:24:59.731Z","level":"info","message":"B2B Plate lookup process initiated","supplier":"preference","action":"searchByPlate","plate":"GD928ZR","category":"disque"}
{"timestamp":"2026-08-03T23:24:59.735Z","level":"info","message":"Préférence active session reused from cache","supplier":"preference","action":"session_reuse","plate":"GD928ZR"}
{"timestamp":"2026-08-03T23:24:59.736Z","level":"info","message":"Préférence active session reused from cache","supplier":"preference","action":"session_reuse","plate":"GD928ZR"}
{"timestamp":"2026-08-03T23:25:00.714Z","level":"info","message":"Plate identification step completed","supplier":"preference","action":"plateSearchStep","plate":"GD928ZR","durationMs":977}
{"timestamp":"2026-08-03T23:25:01.319Z","level":"info","message":"Plate identification step completed","supplier":"preference","action":"plateSearchStep","plate":"GD928ZR","durationMs":1583}
{"timestamp":"2026-08-03T23:25:01.598Z","level":"info","message":"Vehicle record resolved","supplier":"preference","action":"parseVehicle","plate":"GD928ZR","carId":"101412","brand":"PEUGEOT","model":"307 (3A/C)"}
{"timestamp":"2026-08-03T23:25:03.982Z","level":"info","message":"Vehicle record resolved","supplier":"preference","action":"parseVehicle","plate":"GD928ZR","carId":"101412","brand":"PEUGEOT","model":"307 (3A/C)"}
{"timestamp":"2026-08-03T23:25:13.383Z","level":"info","message":"B2B Plate lookup completed successfully","supplier":"preference","action":"searchByPlate_complete","plate":"GD928ZR","brand":"PEUGEOT","partsFound":48,"durationMs":13652}
{"timestamp":"2026-08-03T23:25:13.882Z","level":"info","message":"B2B Plate lookup completed successfully","supplier":"preference","action":"searchByPlate_complete","plate":"GD928ZR","brand":"PEUGEOT","partsFound":48,"durationMs":14154}
{"timestamp":"2026-08-03T23:25:13.928Z","level":"info","message":"Plate lookup succeeded","action":"by-plate","plate":"GD928ZR","vehicleId":101412,"durationMs":14203}
