{"timestamp":"2026-08-02T14:59:50.463Z","level":"info","message":"Local plate search request started","action":"by-plate","plate":"BJ060PA"}
{"timestamp":"2026-08-02T14:59:50.464Z","level":"info","message":"Préférence session missing or expired — triggering login","supplier":"preference","action":"login","plate":"BJ060PA"}
{"timestamp":"2026-08-02T14:59:56.894Z","level":"info","message":"Plate lookup succeeded","action":"by-plate","plate":"BJ060PA","vehicleId":199512,"durationMs":6433}
{"timestamp":"2026-08-02T15:14:40.423Z","level":"info","message":"Local plate search request started","action":"by-plate","plate":"BJ060PA"}
{"timestamp":"2026-08-02T15:14:40.424Z","level":"info","message":"B2B Plate lookup process initiated","supplier":"preference","action":"searchByPlate","plate":"BJ060PA","category":"plaquette"}
{"timestamp":"2026-08-02T15:14:40.426Z","level":"info","message":"Préférence active session reused from cache","supplier":"preference","action":"session_reuse","plate":"BJ060PA"}
{"timestamp":"2026-08-02T15:14:44.010Z","level":"info","message":"Plate identification step completed","supplier":"preference","action":"plateSearchStep","plate":"BJ060PA","durationMs":3584}
{"timestamp":"2026-08-02T15:14:44.223Z","level":"info","message":"Vehicle record resolved","supplier":"preference","action":"parseVehicle","plate":"BJ060PA","carId":"199512","brand":"FIAT","model":"PUNTO EVO (199_)"}
{"timestamp":"2026-08-02T15:14:49.004Z","level":"info","message":"B2B Plate lookup completed successfully","supplier":"preference","action":"searchByPlate_complete","plate":"BJ060PA","brand":"FIAT","partsFound":29,"durationMs":8580}
{"timestamp":"2026-08-02T15:14:49.019Z","level":"info","message":"Plate lookup succeeded","action":"by-plate","plate":"BJ060PA","vehicleId":199512,"durationMs":8597}
{"timestamp":"2026-08-02T19:23:57.367Z","level":"info","message":"B2B Plate lookup process initiated","supplier":"preference","action":"searchByPlate","plate":"BJ060PA","category":"plaquette"}
{"timestamp":"2026-08-02T19:23:57.370Z","level":"info","message":"Préférence session missing or expired — triggering re-login","supplier":"preference","action":"login","plate":"BJ060PA"}
{"timestamp":"2026-08-02T19:23:57.370Z","level":"info","message":"B2B Plate lookup process initiated","supplier":"preference","action":"searchByPlate","plate":"BJ060PA","category":"disque"}
{"timestamp":"2026-08-02T19:23:57.371Z","level":"info","message":"Préférence session missing or expired — triggering re-login","supplier":"preference","action":"login","plate":"BJ060PA"}
{"timestamp":"2026-08-02T19:23:57.371Z","level":"info","message":"B2B Plate lookup process initiated","supplier":"preference","action":"searchByPlate","plate":"GD928ZR","category":"plaquette"}
{"timestamp":"2026-08-02T19:23:57.371Z","level":"info","message":"Préférence session missing or expired — triggering re-login","supplier":"preference","action":"login","plate":"GD928ZR"}
{"timestamp":"2026-08-02T19:23:57.371Z","level":"info","message":"B2B Plate lookup process initiated","supplier":"preference","action":"searchByPlate","plate":"GD928ZR","category":"disque"}
{"timestamp":"2026-08-02T19:23:57.371Z","level":"info","message":"Préférence session missing or expired — triggering re-login","supplier":"preference","action":"login","plate":"GD928ZR"}
{"timestamp":"2026-08-02T19:23:57.372Z","level":"info","message":"B2B Plate lookup process initiated","supplier":"preference","action":"searchByPlate","plate":"AA123BB","category":"plaquette"}
{"timestamp":"2026-08-02T19:23:57.372Z","level":"info","message":"Préférence session missing or expired — triggering re-login","supplier":"preference","action":"login","plate":"AA123BB"}
{"timestamp":"2026-08-02T19:23:57.372Z","level":"info","message":"B2B Plate lookup process initiated","supplier":"preference","action":"searchByPlate","plate":"AA123BB","category":"disque"}
{"timestamp":"2026-08-02T19:23:57.372Z","level":"info","message":"Préférence session missing or expired — triggering re-login","supplier":"preference","action":"login","plate":"AA123BB"}
{"timestamp":"2026-08-02T19:23:57.373Z","level":"info","message":"B2B Plate lookup process initiated","supplier":"preference","action":"searchByPlate","plate":"GH456JK","category":"plaquette"}
{"timestamp":"2026-08-02T19:23:57.373Z","level":"info","message":"Préférence session missing or expired — triggering re-login","supplier":"preference","action":"login","plate":"GH456JK"}
{"timestamp":"2026-08-02T19:23:57.373Z","level":"info","message":"B2B Plate lookup process initiated","supplier":"preference","action":"searchByPlate","plate":"GH456JK","category":"disque"}
{"timestamp":"2026-08-02T19:23:57.373Z","level":"info","message":"Préférence session missing or expired — triggering re-login","supplier":"preference","action":"login","plate":"GH456JK"}
{"timestamp":"2026-08-02T19:24:18.060Z","level":"info","message":"B2B Plate lookup process initiated","supplier":"preference","action":"searchByPlate","plate":"BJ060PA","category":"plaquette"}
{"timestamp":"2026-08-02T19:24:18.062Z","level":"info","message":"Préférence session missing or expired — triggering re-login","supplier":"preference","action":"login","plate":"BJ060PA"}
{"timestamp":"2026-08-02T19:24:23.223Z","level":"info","message":"Plate identification step completed","supplier":"preference","action":"plateSearchStep","plate":"BJ060PA","durationMs":472}
{"timestamp":"2026-08-02T19:24:23.549Z","level":"info","message":"Vehicle record resolved","supplier":"preference","action":"parseVehicle","plate":"BJ060PA","carId":"199512","brand":"FIAT","model":"PUNTO EVO (199_)"}
{"timestamp":"2026-08-02T19:24:28.013Z","level":"info","message":"B2B Plate lookup completed successfully","supplier":"preference","action":"searchByPlate_complete","plate":"BJ060PA","brand":"FIAT","partsFound":29,"durationMs":9953}
{"timestamp":"2026-08-02T19:24:28.016Z","level":"info","message":"B2B Plate lookup process initiated","supplier":"preference","action":"searchByPlate","plate":"BJ060PA","category":"disque"}
{"timestamp":"2026-08-02T19:24:28.019Z","level":"info","message":"Préférence active session reused from cache","supplier":"preference","action":"session_reuse","plate":"BJ060PA"}
{"timestamp":"2026-08-02T19:24:30.252Z","level":"info","message":"Plate identification step completed","supplier":"preference","action":"plateSearchStep","plate":"BJ060PA","durationMs":2232}
{"timestamp":"2026-08-02T19:24:31.168Z","level":"info","message":"Vehicle record resolved","supplier":"preference","action":"parseVehicle","plate":"BJ060PA","carId":"199512","brand":"FIAT","model":"PUNTO EVO (199_)"}
{"timestamp":"2026-08-02T19:24:34.519Z","level":"info","message":"B2B Plate lookup completed successfully","supplier":"preference","action":"searchByPlate_complete","plate":"BJ060PA","brand":"FIAT","partsFound":16,"durationMs":6503}
{"timestamp":"2026-08-02T19:24:34.520Z","level":"info","message":"B2B Plate lookup process initiated","supplier":"preference","action":"searchByPlate","plate":"GD928ZR","category":"plaquette"}
{"timestamp":"2026-08-02T19:24:34.521Z","level":"info","message":"Préférence active session reused from cache","supplier":"preference","action":"session_reuse","plate":"GD928ZR"}
{"timestamp":"2026-08-02T19:24:35.346Z","level":"info","message":"Plate identification step completed","supplier":"preference","action":"plateSearchStep","plate":"GD928ZR","durationMs":825}
{"timestamp":"2026-08-02T19:24:36.178Z","level":"info","message":"Vehicle record resolved","supplier":"preference","action":"parseVehicle","plate":"GD928ZR","carId":"101412","brand":"PEUGEOT","model":"307 (3A/C)"}
{"timestamp":"2026-08-02T19:24:43.743Z","level":"info","message":"B2B Plate lookup completed successfully","supplier":"preference","action":"searchByPlate_complete","plate":"GD928ZR","brand":"PEUGEOT","partsFound":48,"durationMs":9223}
{"timestamp":"2026-08-02T19:24:43.744Z","level":"info","message":"B2B Plate lookup process initiated","supplier":"preference","action":"searchByPlate","plate":"GD928ZR","category":"disque"}
{"timestamp":"2026-08-02T19:24:43.744Z","level":"info","message":"Préférence active session reused from cache","supplier":"preference","action":"session_reuse","plate":"GD928ZR"}
{"timestamp":"2026-08-02T19:24:44.094Z","level":"info","message":"Plate identification step completed","supplier":"preference","action":"plateSearchStep","plate":"GD928ZR","durationMs":350}
{"timestamp":"2026-08-02T19:24:44.365Z","level":"info","message":"Vehicle record resolved","supplier":"preference","action":"parseVehicle","plate":"GD928ZR","carId":"101412","brand":"PEUGEOT","model":"307 (3A/C)"}
{"timestamp":"2026-08-02T19:24:52.051Z","level":"info","message":"B2B Plate lookup completed successfully","supplier":"preference","action":"searchByPlate_complete","plate":"GD928ZR","brand":"PEUGEOT","partsFound":43,"durationMs":8307}
{"timestamp":"2026-08-02T19:24:52.053Z","level":"info","message":"B2B Plate lookup process initiated","supplier":"preference","action":"searchByPlate","plate":"AA123BB","category":"plaquette"}
{"timestamp":"2026-08-02T19:24:52.053Z","level":"info","message":"Préférence active session reused from cache","supplier":"preference","action":"session_reuse","plate":"AA123BB"}
{"timestamp":"2026-08-02T19:24:53.054Z","level":"info","message":"B2B Plate lookup process initiated","supplier":"preference","action":"searchByPlate","plate":"AA123BB","category":"disque"}
{"timestamp":"2026-08-02T19:24:53.055Z","level":"info","message":"Préférence active session reused from cache","supplier":"preference","action":"session_reuse","plate":"AA123BB"}
{"timestamp":"2026-08-02T19:24:53.527Z","level":"info","message":"B2B Plate lookup process initiated","supplier":"preference","action":"searchByPlate","plate":"GH456JK","category":"plaquette"}
{"timestamp":"2026-08-02T19:24:53.529Z","level":"info","message":"Préférence active session reused from cache","supplier":"preference","action":"session_reuse","plate":"GH456JK"}
{"timestamp":"2026-08-02T19:24:53.735Z","level":"info","message":"Local plate search request started","action":"by-plate","plate":"BJ060PA"}
{"timestamp":"2026-08-02T19:24:53.739Z","level":"error","message":"Plate lookup failed","action":"by-plate","error":{"message":"no such table: etf_lookup_index","name":"SqliteError","stack":"SqliteError: no such table: etf_lookup_index\n    at Database.prepare (/Users/ayouba/Documents/jumbo/catalog-part/node_modules/.pnpm/better-sqlite3@13.0.1/node_modules/better-sqlite3/lib/methods/wrappers.js:5:21)\n    at BetterSQLiteSession.prepareQuery (/Users/ayouba/Documents/jumbo/catalog-part/.next/dev/server/chunks/1x-v_drizzle-orm_0mfihap._.js:8504:34)\n    at BetterSQLiteSession.prepareOneTimeQuery (/Users/ayouba/Documents/jumbo/catalog-part/.next/dev/server/chunks/1x-v_drizzle-orm_0mfihap._.js:8416:21)\n    at SQLiteSelectBase._prepare (/Users/ayouba/Documents/jumbo/catalog-part/.next/dev/server/chunks/1x-v_drizzle-orm_0mfihap._.js:7016:92)\n    at SQLiteSelectBase.all (/Users/ayouba/Documents/jumbo/catalog-part/.next/dev/server/chunks/1x-v_drizzle-orm_0mfihap._.js:7046:21)\n    at SQLiteSelectBase.execute (/Users/ayouba/Documents/jumbo/catalog-part/.next/dev/server/chunks/1x-v_drizzle-orm_0mfihap._.js:7055:21)\n    at SQLiteSelectBase.then (/Users/ayouba/Documents/jumbo/catalog-part/.next/dev/server/chunks/1x-v_drizzle-orm_0mfihap._.js:6131:21)\n    at process.processTicksAndRejections (node:internal/process/task_queues:103:5)"},"durationMs":5}
{"timestamp":"2026-08-02T19:24:54.084Z","level":"info","message":"Plate identification step completed","supplier":"preference","action":"plateSearchStep","plate":"GH456JK","durationMs":555}
{"timestamp":"2026-08-02T19:24:54.445Z","level":"info","message":"Vehicle record resolved","supplier":"preference","action":"parseVehicle","plate":"GH456JK","carId":"76908","brand":"VW","model":"UP! (121, 122, BL1, BL2, BL3, 123)"}
{"timestamp":"2026-08-02T19:25:00.102Z","level":"info","message":"B2B Plate lookup completed successfully","supplier":"preference","action":"searchByPlate_complete","plate":"GH456JK","brand":"VW","partsFound":24,"durationMs":6575}
{"timestamp":"2026-08-02T19:25:00.103Z","level":"info","message":"B2B Plate lookup process initiated","supplier":"preference","action":"searchByPlate","plate":"GH456JK","category":"disque"}
{"timestamp":"2026-08-02T19:25:00.104Z","level":"info","message":"Préférence active session reused from cache","supplier":"preference","action":"session_reuse","plate":"GH456JK"}
{"timestamp":"2026-08-02T19:25:00.505Z","level":"info","message":"Plate identification step completed","supplier":"preference","action":"plateSearchStep","plate":"GH456JK","durationMs":401}
{"timestamp":"2026-08-02T19:25:00.777Z","level":"info","message":"Vehicle record resolved","supplier":"preference","action":"parseVehicle","plate":"GH456JK","carId":"76908","brand":"VW","model":"UP! (121, 122, BL1, BL2, BL3, 123)"}
{"timestamp":"2026-08-02T19:25:03.114Z","level":"info","message":"B2B Plate lookup completed successfully","supplier":"preference","action":"searchByPlate_complete","plate":"GH456JK","brand":"VW","partsFound":7,"durationMs":3011}
{"timestamp":"2026-08-02T19:25:07.110Z","level":"info","message":"B2B Plate lookup process initiated","supplier":"preference","action":"searchByPlate","plate":"BJ060PA","category":"plaquette"}
{"timestamp":"2026-08-02T19:25:07.112Z","level":"info","message":"Préférence active session reused from cache","supplier":"preference","action":"session_reuse","plate":"BJ060PA"}
{"timestamp":"2026-08-02T19:25:07.805Z","level":"info","message":"Plate identification step completed","supplier":"preference","action":"plateSearchStep","plate":"BJ060PA","durationMs":692}
{"timestamp":"2026-08-02T19:25:08.418Z","level":"info","message":"Vehicle record resolved","supplier":"preference","action":"parseVehicle","plate":"BJ060PA","carId":"199512","brand":"FIAT","model":"PUNTO EVO (199_)"}
{"timestamp":"2026-08-02T19:25:12.852Z","level":"info","message":"B2B Plate lookup completed successfully","supplier":"preference","action":"searchByPlate_complete","plate":"BJ060PA","brand":"FIAT","partsFound":29,"durationMs":5742}
{"timestamp":"2026-08-02T19:25:12.854Z","level":"info","message":"B2B Plate lookup process initiated","supplier":"preference","action":"searchByPlate","plate":"BJ060PA","category":"disque"}
{"timestamp":"2026-08-02T19:25:12.855Z","level":"info","message":"Préférence active session reused from cache","supplier":"preference","action":"session_reuse","plate":"BJ060PA"}
{"timestamp":"2026-08-02T19:25:13.324Z","level":"info","message":"Plate identification step completed","supplier":"preference","action":"plateSearchStep","plate":"BJ060PA","durationMs":469}
{"timestamp":"2026-08-02T19:25:13.666Z","level":"info","message":"Vehicle record resolved","supplier":"preference","action":"parseVehicle","plate":"BJ060PA","carId":"199512","brand":"FIAT","model":"PUNTO EVO (199_)"}
{"timestamp":"2026-08-02T19:25:16.675Z","level":"info","message":"B2B Plate lookup completed successfully","supplier":"preference","action":"searchByPlate_complete","plate":"BJ060PA","brand":"FIAT","partsFound":16,"durationMs":3821}
{"timestamp":"2026-08-02T19:25:16.676Z","level":"info","message":"B2B Plate lookup process initiated","supplier":"preference","action":"searchByPlate","plate":"GD928ZR","category":"plaquette"}
{"timestamp":"2026-08-02T19:25:16.677Z","level":"info","message":"Préférence active session reused from cache","supplier":"preference","action":"session_reuse","plate":"GD928ZR"}
{"timestamp":"2026-08-02T19:25:17.528Z","level":"info","message":"Plate identification step completed","supplier":"preference","action":"plateSearchStep","plate":"GD928ZR","durationMs":851}
{"timestamp":"2026-08-02T19:25:18.423Z","level":"info","message":"Vehicle record resolved","supplier":"preference","action":"parseVehicle","plate":"GD928ZR","carId":"101412","brand":"PEUGEOT","model":"307 (3A/C)"}
{"timestamp":"2026-08-02T19:25:26.347Z","level":"info","message":"B2B Plate lookup completed successfully","supplier":"preference","action":"searchByPlate_complete","plate":"GD928ZR","brand":"PEUGEOT","partsFound":48,"durationMs":9671}
{"timestamp":"2026-08-02T19:25:26.348Z","level":"info","message":"B2B Plate lookup process initiated","supplier":"preference","action":"searchByPlate","plate":"GD928ZR","category":"disque"}
{"timestamp":"2026-08-02T19:25:26.348Z","level":"info","message":"Préférence active session reused from cache","supplier":"preference","action":"session_reuse","plate":"GD928ZR"}
{"timestamp":"2026-08-02T19:25:26.842Z","level":"info","message":"Plate identification step completed","supplier":"preference","action":"plateSearchStep","plate":"GD928ZR","durationMs":494}
{"timestamp":"2026-08-02T19:25:27.078Z","level":"info","message":"Vehicle record resolved","supplier":"preference","action":"parseVehicle","plate":"GD928ZR","carId":"101412","brand":"PEUGEOT","model":"307 (3A/C)"}
{"timestamp":"2026-08-02T19:25:33.614Z","level":"info","message":"B2B Plate lookup completed successfully","supplier":"preference","action":"searchByPlate_complete","plate":"GD928ZR","brand":"PEUGEOT","partsFound":43,"durationMs":7266}
{"timestamp":"2026-08-02T19:25:33.616Z","level":"info","message":"B2B Plate lookup process initiated","supplier":"preference","action":"searchByPlate","plate":"AA123BB","category":"plaquette"}
{"timestamp":"2026-08-02T19:25:33.616Z","level":"info","message":"Préférence active session reused from cache","supplier":"preference","action":"session_reuse","plate":"AA123BB"}
{"timestamp":"2026-08-02T19:25:34.216Z","level":"info","message":"B2B Plate lookup process initiated","supplier":"preference","action":"searchByPlate","plate":"AA123BB","category":"disque"}
{"timestamp":"2026-08-02T19:25:34.217Z","level":"info","message":"Préférence active session reused from cache","supplier":"preference","action":"session_reuse","plate":"AA123BB"}
{"timestamp":"2026-08-02T19:25:34.746Z","level":"info","message":"B2B Plate lookup process initiated","supplier":"preference","action":"searchByPlate","plate":"GH456JK","category":"plaquette"}
{"timestamp":"2026-08-02T19:25:34.747Z","level":"info","message":"Préférence active session reused from cache","supplier":"preference","action":"session_reuse","plate":"GH456JK"}
{"timestamp":"2026-08-02T19:25:35.316Z","level":"info","message":"Plate identification step completed","supplier":"preference","action":"plateSearchStep","plate":"GH456JK","durationMs":569}
{"timestamp":"2026-08-02T19:25:35.432Z","level":"info","message":"Local plate search request started","action":"by-plate","plate":"BJ060PA"}
{"timestamp":"2026-08-02T19:25:35.434Z","level":"error","message":"Plate lookup failed","action":"by-plate","error":{"message":"no such table: etf_lookup_index","name":"SqliteError","stack":"SqliteError: no such table: etf_lookup_index\n    at Database.prepare (/Users/ayouba/Documents/jumbo/catalog-part/node_modules/.pnpm/better-sqlite3@13.0.1/node_modules/better-sqlite3/lib/methods/wrappers.js:5:21)\n    at BetterSQLiteSession.prepareQuery (/Users/ayouba/Documents/jumbo/catalog-part/.next/dev/server/chunks/1x-v_drizzle-orm_0mfihap._.js:8504:34)\n    at BetterSQLiteSession.prepareOneTimeQuery (/Users/ayouba/Documents/jumbo/catalog-part/.next/dev/server/chunks/1x-v_drizzle-orm_0mfihap._.js:8416:21)\n    at SQLiteSelectBase._prepare (/Users/ayouba/Documents/jumbo/catalog-part/.next/dev/server/chunks/1x-v_drizzle-orm_0mfihap._.js:7016:92)\n    at SQLiteSelectBase.all (/Users/ayouba/Documents/jumbo/catalog-part/.next/dev/server/chunks/1x-v_drizzle-orm_0mfihap._.js:7046:21)\n    at SQLiteSelectBase.execute (/Users/ayouba/Documents/jumbo/catalog-part/.next/dev/server/chunks/1x-v_drizzle-orm_0mfihap._.js:7055:21)\n    at SQLiteSelectBase.then (/Users/ayouba/Documents/jumbo/catalog-part/.next/dev/server/chunks/1x-v_drizzle-orm_0mfihap._.js:6131:21)\n    at process.processTicksAndRejections (node:internal/process/task_queues:103:5)"},"durationMs":2}
{"timestamp":"2026-08-02T19:25:35.583Z","level":"info","message":"Vehicle record resolved","supplier":"preference","action":"parseVehicle","plate":"GH456JK","carId":"76908","brand":"VW","model":"UP! (121, 122, BL1, BL2, BL3, 123)"}
{"timestamp":"2026-08-02T19:25:40.072Z","level":"info","message":"B2B Plate lookup completed successfully","supplier":"preference","action":"searchByPlate_complete","plate":"GH456JK","brand":"VW","partsFound":24,"durationMs":5326}
{"timestamp":"2026-08-02T19:25:40.073Z","level":"info","message":"B2B Plate lookup process initiated","supplier":"preference","action":"searchByPlate","plate":"GH456JK","category":"disque"}
{"timestamp":"2026-08-02T19:25:40.074Z","level":"info","message":"Préférence active session reused from cache","supplier":"preference","action":"session_reuse","plate":"GH456JK"}
{"timestamp":"2026-08-02T19:25:40.500Z","level":"info","message":"Plate identification step completed","supplier":"preference","action":"plateSearchStep","plate":"GH456JK","durationMs":426}
{"timestamp":"2026-08-02T19:25:40.829Z","level":"info","message":"Vehicle record resolved","supplier":"preference","action":"parseVehicle","plate":"GH456JK","carId":"76908","brand":"VW","model":"UP! (121, 122, BL1, BL2, BL3, 123)"}
{"timestamp":"2026-08-02T19:25:42.461Z","level":"info","message":"B2B Plate lookup completed successfully","supplier":"preference","action":"searchByPlate_complete","plate":"GH456JK","brand":"VW","partsFound":7,"durationMs":2388}
{"timestamp":"2026-08-02T19:25:49.931Z","level":"info","message":"Local plate search request started","action":"by-plate","plate":"BJ060PA"}
{"timestamp":"2026-08-02T19:25:49.933Z","level":"error","message":"Plate lookup failed","action":"by-plate","error":{"message":"no such table: etf_lookup_index","name":"SqliteError","stack":"SqliteError: no such table: etf_lookup_index\n    at Database.prepare (/Users/ayouba/Documents/jumbo/catalog-part/node_modules/.pnpm/better-sqlite3@13.0.1/node_modules/better-sqlite3/lib/methods/wrappers.js:5:21)\n    at BetterSQLiteSession.prepareQuery (/Users/ayouba/Documents/jumbo/catalog-part/.next/dev/server/chunks/1x-v_drizzle-orm_0mfihap._.js:8504:34)\n    at BetterSQLiteSession.prepareOneTimeQuery (/Users/ayouba/Documents/jumbo/catalog-part/.next/dev/server/chunks/1x-v_drizzle-orm_0mfihap._.js:8416:21)\n    at SQLiteSelectBase._prepare (/Users/ayouba/Documents/jumbo/catalog-part/.next/dev/server/chunks/1x-v_drizzle-orm_0mfihap._.js:7016:92)\n    at SQLiteSelectBase.all (/Users/ayouba/Documents/jumbo/catalog-part/.next/dev/server/chunks/1x-v_drizzle-orm_0mfihap._.js:7046:21)\n    at SQLiteSelectBase.execute (/Users/ayouba/Documents/jumbo/catalog-part/.next/dev/server/chunks/1x-v_drizzle-orm_0mfihap._.js:7055:21)\n    at SQLiteSelectBase.then (/Users/ayouba/Documents/jumbo/catalog-part/.next/dev/server/chunks/1x-v_drizzle-orm_0mfihap._.js:6131:21)\n    at process.processTicksAndRejections (node:internal/process/task_queues:103:5)"},"durationMs":3}
{"timestamp":"2026-08-02T19:26:09.227Z","level":"info","message":"B2B Plate lookup process initiated","supplier":"preference","action":"searchByPlate","plate":"BJ060PA","category":"plaquette"}
{"timestamp":"2026-08-02T19:26:09.228Z","level":"info","message":"Préférence active session reused from cache","supplier":"preference","action":"session_reuse","plate":"BJ060PA"}
{"timestamp":"2026-08-02T19:26:10.409Z","level":"info","message":"Plate identification step completed","supplier":"preference","action":"plateSearchStep","plate":"BJ060PA","durationMs":1180}
{"timestamp":"2026-08-02T19:26:10.931Z","level":"info","message":"Vehicle record resolved","supplier":"preference","action":"parseVehicle","plate":"BJ060PA","carId":"199512","brand":"FIAT","model":"PUNTO EVO (199_)"}
{"timestamp":"2026-08-02T19:26:15.404Z","level":"info","message":"B2B Plate lookup completed successfully","supplier":"preference","action":"searchByPlate_complete","plate":"BJ060PA","brand":"FIAT","partsFound":29,"durationMs":6177}
{"timestamp":"2026-08-02T19:26:15.407Z","level":"info","message":"B2B Plate lookup process initiated","supplier":"preference","action":"searchByPlate","plate":"BJ060PA","category":"disque"}
{"timestamp":"2026-08-02T19:26:15.408Z","level":"info","message":"Préférence active session reused from cache","supplier":"preference","action":"session_reuse","plate":"BJ060PA"}
{"timestamp":"2026-08-02T19:26:15.862Z","level":"info","message":"Plate identification step completed","supplier":"preference","action":"plateSearchStep","plate":"BJ060PA","durationMs":454}
{"timestamp":"2026-08-02T19:26:16.185Z","level":"info","message":"Vehicle record resolved","supplier":"preference","action":"parseVehicle","plate":"BJ060PA","carId":"199512","brand":"FIAT","model":"PUNTO EVO (199_)"}
{"timestamp":"2026-08-02T19:26:18.476Z","level":"info","message":"B2B Plate lookup completed successfully","supplier":"preference","action":"searchByPlate_complete","plate":"BJ060PA","brand":"FIAT","partsFound":16,"durationMs":3069}
{"timestamp":"2026-08-02T19:26:18.477Z","level":"info","message":"B2B Plate lookup process initiated","supplier":"preference","action":"searchByPlate","plate":"GD928ZR","category":"plaquette"}
{"timestamp":"2026-08-02T19:26:18.480Z","level":"info","message":"Préférence active session reused from cache","supplier":"preference","action":"session_reuse","plate":"GD928ZR"}
{"timestamp":"2026-08-02T19:26:19.012Z","level":"info","message":"Plate identification step completed","supplier":"preference","action":"plateSearchStep","plate":"GD928ZR","durationMs":532}
{"timestamp":"2026-08-02T19:26:19.522Z","level":"info","message":"Vehicle record resolved","supplier":"preference","action":"parseVehicle","plate":"GD928ZR","carId":"101412","brand":"PEUGEOT","model":"307 (3A/C)"}
{"timestamp":"2026-08-02T19:26:28.723Z","level":"info","message":"B2B Plate lookup completed successfully","supplier":"preference","action":"searchByPlate_complete","plate":"GD928ZR","brand":"PEUGEOT","partsFound":48,"durationMs":10246}
{"timestamp":"2026-08-02T19:26:28.724Z","level":"info","message":"B2B Plate lookup process initiated","supplier":"preference","action":"searchByPlate","plate":"GD928ZR","category":"disque"}
{"timestamp":"2026-08-02T19:26:28.725Z","level":"info","message":"Préférence active session reused from cache","supplier":"preference","action":"session_reuse","plate":"GD928ZR"}
{"timestamp":"2026-08-02T19:26:29.204Z","level":"info","message":"Plate identification step completed","supplier":"preference","action":"plateSearchStep","plate":"GD928ZR","durationMs":479}
{"timestamp":"2026-08-02T19:26:29.836Z","level":"info","message":"Vehicle record resolved","supplier":"preference","action":"parseVehicle","plate":"GD928ZR","carId":"101412","brand":"PEUGEOT","model":"307 (3A/C)"}
{"timestamp":"2026-08-02T19:26:35.431Z","level":"info","message":"B2B Plate lookup completed successfully","supplier":"preference","action":"searchByPlate_complete","plate":"GD928ZR","brand":"PEUGEOT","partsFound":43,"durationMs":6707}
{"timestamp":"2026-08-02T19:26:35.433Z","level":"info","message":"B2B Plate lookup process initiated","supplier":"preference","action":"searchByPlate","plate":"AA123BB","category":"plaquette"}
{"timestamp":"2026-08-02T19:26:35.434Z","level":"info","message":"Préférence active session reused from cache","supplier":"preference","action":"session_reuse","plate":"AA123BB"}
{"timestamp":"2026-08-02T19:26:35.880Z","level":"info","message":"B2B Plate lookup process initiated","supplier":"preference","action":"searchByPlate","plate":"AA123BB","category":"disque"}
{"timestamp":"2026-08-02T19:26:35.880Z","level":"info","message":"Préférence active session reused from cache","supplier":"preference","action":"session_reuse","plate":"AA123BB"}
{"timestamp":"2026-08-02T19:26:36.307Z","level":"info","message":"B2B Plate lookup process initiated","supplier":"preference","action":"searchByPlate","plate":"GH456JK","category":"plaquette"}
{"timestamp":"2026-08-02T19:26:36.308Z","level":"info","message":"Préférence active session reused from cache","supplier":"preference","action":"session_reuse","plate":"GH456JK"}
{"timestamp":"2026-08-02T19:26:36.980Z","level":"info","message":"Plate identification step completed","supplier":"preference","action":"plateSearchStep","plate":"GH456JK","durationMs":672}
{"timestamp":"2026-08-02T19:26:37.672Z","level":"info","message":"Vehicle record resolved","supplier":"preference","action":"parseVehicle","plate":"GH456JK","carId":"76908","brand":"VW","model":"UP! (121, 122, BL1, BL2, BL3, 123)"}
{"timestamp":"2026-08-02T19:26:39.603Z","level":"info","message":"Local plate search request started","action":"by-plate","plate":"BJ060PA"}
{"timestamp":"2026-08-02T19:26:39.607Z","level":"info","message":"L2 Pre-calculated Index HIT","action":"by-plate-l2-hit","plate":"BJ060PA","durationMs":5}
{"timestamp":"2026-08-02T19:26:42.218Z","level":"info","message":"B2B Plate lookup completed successfully","supplier":"preference","action":"searchByPlate_complete","plate":"GH456JK","brand":"VW","partsFound":24,"durationMs":5911}
{"timestamp":"2026-08-02T19:26:42.220Z","level":"info","message":"B2B Plate lookup process initiated","supplier":"preference","action":"searchByPlate","plate":"GH456JK","category":"disque"}
{"timestamp":"2026-08-02T19:26:42.220Z","level":"info","message":"Préférence active session reused from cache","supplier":"preference","action":"session_reuse","plate":"GH456JK"}
{"timestamp":"2026-08-02T19:26:43.059Z","level":"info","message":"Plate identification step completed","supplier":"preference","action":"plateSearchStep","plate":"GH456JK","durationMs":838}
{"timestamp":"2026-08-02T19:26:43.392Z","level":"info","message":"Vehicle record resolved","supplier":"preference","action":"parseVehicle","plate":"GH456JK","carId":"76908","brand":"VW","model":"UP! (121, 122, BL1, BL2, BL3, 123)"}
{"timestamp":"2026-08-02T19:26:44.896Z","level":"info","message":"B2B Plate lookup completed successfully","supplier":"preference","action":"searchByPlate_complete","plate":"GH456JK","brand":"VW","partsFound":7,"durationMs":2676}
